app/contact/page.tsx(13,29): error TS2741: Property 'page_template' is missing in type '{ template_name: string; title: string; content: {}; }' but required in type 'PageData'.
data/mockData.ts(5,3): error TS2353: Object literal may only specify known properties, and 'template_name' does not exist in type 'PageData'.
data/mockData.ts(737,3): error TS2353: Object literal may only specify known properties, and 'template_name' does not exist in type 'PageData'.
data/mockData.ts(764,3): error TS2353: Object literal may only specify known properties, and 'template_name' does not exist in type 'PageData'.
